Release 14.7 - xst P.20131013 (nt64)
Copyright (c) 1995-2013 Xilinx, Inc.  All rights reserved.
--> Parameter TMPDIR set to xst/projnav.tmp


Total REAL time to Xst completion: 1.00 secs
Total CPU time to Xst completion: 0.22 secs
 
--> Parameter xsthdpdir set to xst


Total REAL time to Xst completion: 1.00 secs
Total CPU time to Xst completion: 0.23 secs
 
--> Reading design: Lab4Code.prj

TABLE OF CONTENTS
  1) Synthesis Options Summary
  2) HDL Compilation
  3) Design Hierarchy Analysis
  4) HDL Analysis
  5) HDL Synthesis
     5.1) HDL Synthesis Report
  6) Advanced HDL Synthesis
     6.1) Advanced HDL Synthesis Report
  7) Low Level Synthesis
  8) Partition Report
  9) Final Report
	9.1) Device utilization summary
	9.2) Partition Resource Summary
	9.3) TIMING REPORT


=========================================================================
*                      Synthesis Options Summary                        *
=========================================================================
---- Source Parameters
Input File Name                    : "Lab4Code.prj"
Input Format                       : mixed
Ignore Synthesis Constraint File   : NO

---- Target Parameters
Output File Name                   : "Lab4Code"
Output Format                      : NGC
Target Device                      : xc3s50a-5-vq100

---- Source Options
Top Module Name                    : Lab4Code
Automatic FSM Extraction           : YES
FSM Encoding Algorithm             : Auto
Safe Implementation                : No
FSM Style                          : LUT
RAM Extraction                     : Yes
RAM Style                          : Auto
ROM Extraction                     : Yes
Mux Style                          : Auto
Decoder Extraction                 : YES
Priority Encoder Extraction        : Yes
Shift Register Extraction          : YES
Logical Shifter Extraction         : YES
XOR Collapsing                     : YES
ROM Style                          : Auto
Mux Extraction                     : Yes
Resource Sharing                   : YES
Asynchronous To Synchronous        : NO
Multiplier Style                   : Auto
Automatic Register Balancing       : No

---- Target Options
Add IO Buffers                     : YES
Global Maximum Fanout              : 100000
Add Generic Clock Buffer(BUFG)     : 24
Register Duplication               : YES
Slice Packing                      : YES
Optimize Instantiated Primitives   : NO
Use Clock Enable                   : Yes
Use Synchronous Set                : Yes
Use Synchronous Reset              : Yes
Pack IO Registers into IOBs        : Auto
Equivalent register Removal        : YES

---- General Options
Optimization Goal                  : Speed
Optimization Effort                : 1
Keep Hierarchy                     : No
Netlist Hierarchy                  : As_Optimized
RTL Output                         : Yes
Global Optimization                : AllClockNets
Read Cores                         : YES
Write Timing Constraints           : NO
Cross Clock Analysis               : NO
Hierarchy Separator                : /
Bus Delimiter                      : <>
Case Specifier                     : Maintain
Slice Utilization Ratio            : 100
BRAM Utilization Ratio             : 100
Verilog 2001                       : YES
Auto BRAM Packing                  : NO
Slice Utilization Ratio Delta      : 5

=========================================================================


=========================================================================
*                          HDL Compilation                              *
=========================================================================
Compiling vhdl file "C:/Users/otal19/Desktop/Teq/Lab4/Lab4Code.vhd" in Library work.
Entity <lab4code> compiled.
Entity <lab4code> (Architecture <behavioral>) compiled.

=========================================================================
*                     Design Hierarchy Analysis                         *
=========================================================================
Analyzing hierarchy for entity <Lab4Code> in library <work> (architecture <behavioral>).


=========================================================================
*                            HDL Analysis                               *
=========================================================================
Analyzing Entity <Lab4Code> in library <work> (Architecture <behavioral>).
Entity <Lab4Code> analyzed. Unit <Lab4Code> generated.


=========================================================================
*                           HDL Synthesis                               *
=========================================================================

Performing bidirectional port resolution...

Synthesizing Unit <Lab4Code>.
    Related source file is "C:/Users/otal19/Desktop/Teq/Lab4/Lab4Code.vhd".
    Found 5-bit up counter for signal <counter>.
    Found 1-bit register for signal <direction>.
    Found 5-bit comparator less for signal <direction$cmp_lt0000> created at line 56.
    Found 4-bit up counter for signal <l_score>.
    Found 6-bit register for signal <leds>.
    Found 4-bit up counter for signal <r_score>.
    Summary:
	inferred   3 Counter(s).
	inferred   7 D-type flip-flop(s).
	inferred   1 Comparator(s).
Unit <Lab4Code> synthesized.


=========================================================================
HDL Synthesis Report

Macro Statistics
# Counters                                             : 3
 4-bit up counter                                      : 2
 5-bit up counter                                      : 1
# Registers                                            : 7
 1-bit register                                        : 7
# Comparators                                          : 1
 5-bit comparator less                                 : 1

=========================================================================

=========================================================================
*                       Advanced HDL Synthesis                          *
=========================================================================


=========================================================================
Advanced HDL Synthesis Report

Macro Statistics
# Counters                                             : 3
 4-bit up counter                                      : 2
 5-bit up counter                                      : 1
# Registers                                            : 7
 Flip-Flops                                            : 7
# Comparators                                          : 1
 5-bit comparator less                                 : 1

=========================================================================

=========================================================================
*                         Low Level Synthesis                           *
=========================================================================

Optimizing unit <Lab4Code> ...

Mapping all equations...
Building and optimizing final netlist ...
Found area constraint ratio of 100 (+ 5) on block Lab4Code, actual ratio is 2.

Final Macro Processing ...

=========================================================================
Final Register Report

Macro Statistics
# Registers                                            : 20
 Flip-Flops                                            : 20

=========================================================================

=========================================================================
*                           Partition Report                            *
=========================================================================

Partition Implementation Status
-------------------------------

  No Partitions were found in this design.

-------------------------------

=========================================================================
*                            Final Report                               *
=========================================================================
Final Results
RTL Top Level Output File Name     : Lab4Code.ngr
Top Level Output File Name         : Lab4Code
Output Format                      : NGC
Optimization Goal                  : Speed
Keep Hierarchy                     : No

Design Statistics
# IOs                              : 17

Cell Usage :
# BELS                             : 34
#      INV                         : 3
#      LUT2                        : 5
#      LUT2_L                      : 1
#      LUT3                        : 10
#      LUT3_D                      : 1
#      LUT3_L                      : 2
#      LUT4                        : 8
#      LUT4_D                      : 1
#      MUXF5                       : 2
#      VCC                         : 1
# FlipFlops/Latches                : 20
#      FDE                         : 15
#      FDR                         : 5
# Clock Buffers                    : 1
#      BUFGP                       : 1
# IO Buffers                       : 16
#      IBUF                        : 2
#      OBUF                        : 14
=========================================================================

Device utilization summary:
---------------------------

Selected Device : 3s50avq100-5 

 Number of Slices:                       17  out of    704     2%  
 Number of Slice Flip Flops:             20  out of   1408     1%  
 Number of 4 input LUTs:                 31  out of   1408     2%  
 Number of IOs:                          17
 Number of bonded IOBs:                  17  out of     68    25%  
 Number of GCLKs:                         1  out of     24     4%  

---------------------------
Partition Resource Summary:
---------------------------

  No Partitions were found in this design.

---------------------------


=========================================================================
TIMING REPORT

NOTE: THESE TIMING NUMBERS ARE ONLY A SYNTHESIS ESTIMATE.
      FOR ACCURATE TIMING INFORMATION PLEASE REFER TO THE TRACE REPORT
      GENERATED AFTER PLACE-and-ROUTE.

Clock Information:
------------------
-----------------------------------+------------------------+-------+
Clock Signal                       | Clock buffer(FF name)  | Load  |
-----------------------------------+------------------------+-------+
MCLK                               | BUFGP                  | 20    |
-----------------------------------+------------------------+-------+

Asynchronous Control Signals Information:
----------------------------------------
No asynchronous control signals found in this design

Timing Summary:
---------------
Speed Grade: -5

   Minimum period: 3.599ns (Maximum Frequency: 277.870MHz)
   Minimum input arrival time before clock: 3.677ns
   Maximum output required time after clock: 5.493ns
   Maximum combinational path delay: No path found

Timing Detail:
--------------
All values displayed in nanoseconds (ns)

=========================================================================
Timing constraint: Default period analysis for Clock 'MCLK'
  Clock period: 3.599ns (frequency: 277.870MHz)
  Total number of paths / destination ports: 220 / 40
-------------------------------------------------------------------------
Delay:               3.599ns (Levels of Logic = 2)
  Source:            counter_2 (FF)
  Destination:       counter_0 (FF)
  Source Clock:      MCLK rising
  Destination Clock: MCLK rising

  Data Path: counter_2 to counter_0
                                Gate     Net
    Cell:in->out      fanout   Delay   Delay  Logical Name (Net Name)
    ----------------------------------------  ------------
     FDR:C->Q              4   0.495   0.607  counter_2 (counter_2)
     LUT3_D:I0->LO         1   0.561   0.123  direction_cmp_lt000021 (N17)
     LUT3:I2->O           12   0.561   0.817  direction_not00011 (direction_not0001)
     FDR:R                     0.435          counter_0
    ----------------------------------------
    Total                      3.599ns (2.052ns logic, 1.547ns route)
                                       (57.0% logic, 43.0% route)

=========================================================================
Timing constraint: Default OFFSET IN BEFORE for Clock 'MCLK'
  Total number of paths / destination ports: 16 / 8
-------------------------------------------------------------------------
Offset:              3.677ns (Levels of Logic = 4)
  Source:            Left_Button (PAD)
  Destination:       l_score_0 (FF)
  Destination Clock: MCLK rising

  Data Path: Left_Button to l_score_0
                                Gate     Net
    Cell:in->out      fanout   Delay   Delay  Logical Name (Net Name)
    ----------------------------------------  ------------
     IBUF:I->O             2   0.824   0.488  Left_Button_IBUF (Left_Button_IBUF)
     LUT4:I0->O            1   0.561   0.000  l_score_not00011_SW4_F (N15)
     MUXF5:I0->O           1   0.229   0.359  l_score_not00011_SW4 (N111)
     LUT4:I3->O            4   0.561   0.499  l_score_not00012 (l_score_not0001)
     FDE:CE                    0.156          l_score_0
    ----------------------------------------
    Total                      3.677ns (2.331ns logic, 1.346ns route)
                                       (63.4% logic, 36.6% route)

=========================================================================
Timing constraint: Default OFFSET OUT AFTER for Clock 'MCLK'
  Total number of paths / destination ports: 14 / 14
-------------------------------------------------------------------------
Offset:              5.493ns (Levels of Logic = 1)
  Source:            leds_5 (FF)
  Destination:       Led<5> (PAD)
  Source Clock:      MCLK rising

  Data Path: leds_5 to Led<5>
                                Gate     Net
    Cell:in->out      fanout   Delay   Delay  Logical Name (Net Name)
    ----------------------------------------  ------------
     FDE:C->Q              7   0.495   0.602  leds_5 (leds_5)
     OBUF:I->O                 4.396          Led_5_OBUF (Led<5>)
    ----------------------------------------
    Total                      5.493ns (4.891ns logic, 0.602ns route)
                                       (89.0% logic, 11.0% route)

=========================================================================


Total REAL time to Xst completion: 8.00 secs
Total CPU time to Xst completion: 8.02 secs
 
--> 

Total memory usage is 4518956 kilobytes

Number of errors   :    0 (   0 filtered)
Number of warnings :    0 (   0 filtered)
Number of infos    :    0 (   0 filtered)

