V3 3
FL "C:/Users/otal19/Desktop/Elec 204 Lab1/Lab1/Lab1Code.vhd" 2022/03/08.00:23:27 P.20131013
EN work/Lab1Code 1646688214 \
      FL "C:/Users/otal19/Desktop/Elec 204 Lab1/Lab1/Lab1Code.vhd" \
      PB ieee/std_logic_1164 1381692176
AR work/Lab1Code/Behavioral 1646688215 \
      FL "C:/Users/otal19/Desktop/Elec 204 Lab1/Lab1/Lab1Code.vhd" \
      EN work/Lab1Code 1646688214
