V3 3
FL C:/Users/otal19/Desktop/Teq/Lab4/Lab4Code.vhd 2022/05/27.00:13:29 P.20131013
EN work/Lab4Code 1653599616 FL C:/Users/otal19/Desktop/Teq/Lab4/Lab4Code.vhd \
      PB ieee/std_logic_1164 1381692176 PB ieee/std_logic_arith 1381692177 \
      PB ieee/STD_LOGIC_UNSIGNED 1381692179
AR work/Lab4Code/Behavioral 1653599617 \
      FL C:/Users/otal19/Desktop/Teq/Lab4/Lab4Code.vhd EN work/Lab4Code 1653599616
